Archive member included to satisfy reference by file (symbol)

c:/progra~1/microc~1/xc8/v3.00/avr/bin/../lib/gcc/avr/5.4.0/avrxmega4\libgcc.a(_udivmodsi4.o)
                              CMakeFiles\USART_blink_default_default_XC8_compile.dir\C_\Users\amund\MPLABProjects\USART-blink\main.c.o (__udivmodsi4)
c:/progra~1/microc~1/xc8/v3.00/avr/bin/../lib/gcc/avr/5.4.0/avrxmega4\libgcc.a(_copy_data.o)
                              CMakeFiles\USART_blink_default_default_XC8_compile.dir\C_\Users\amund\MPLABProjects\USART-blink\main.c.o (__do_copy_data)
c:/progra~1/microc~1/xc8/v3.00/avr/bin/../lib/gcc/avr/5.4.0/avrxmega4\libgcc.a(_umulhisi3.o)
                              CMakeFiles\USART_blink_default_default_XC8_compile.dir\C_\Users\amund\MPLABProjects\USART-blink\main.c.o (__umulhisi3)
c:/progra~1/microc~1/xc8/v3.00/avr/bin/../lib/gcc/avr/5.4.0/../../../../avr/lib/avrxmega4\libc.a(exit.o)
                              C:/Users/amund/.mchp_packs/Microchip/AVR-Dx_DFP/2.7.321/xc8/avr/lib/avrxmega4/crtavr128db48.o (exit)
c:/progra~1/microc~1/xc8/v3.00/avr/bin/../lib/gcc/avr/5.4.0/../../../../avr/lib/avrxmega4\libc.a(__sio_sprintf_doux.o)
                              CMakeFiles\USART_blink_default_default_XC8_compile.dir\C_\Users\amund\MPLABProjects\USART-blink\main.c.o (_sprintf_cdopuxX)
c:/progra~1/microc~1/xc8/v3.00/avr/bin/../lib/gcc/avr/5.4.0/../../../../avr/lib/avrxmega4\libc.a(__fmt_d.o)
                              c:/progra~1/microc~1/xc8/v3.00/avr/bin/../lib/gcc/avr/5.4.0/../../../../avr/lib/avrxmega4\libc.a(__sio_sprintf_doux.o) (__fmt_d_needed)
c:/progra~1/microc~1/xc8/v3.00/avr/bin/../lib/gcc/avr/5.4.0/../../../../avr/lib/avrxmega4\libc.a(__fmt_o.o)
                              c:/progra~1/microc~1/xc8/v3.00/avr/bin/../lib/gcc/avr/5.4.0/../../../../avr/lib/avrxmega4\libc.a(__sio_sprintf_doux.o) (__fmt_o_needed)
c:/progra~1/microc~1/xc8/v3.00/avr/bin/../lib/gcc/avr/5.4.0/../../../../avr/lib/avrxmega4\libc.a(__fmt_s.o)
                              c:/progra~1/microc~1/xc8/v3.00/avr/bin/../lib/gcc/avr/5.4.0/../../../../avr/lib/avrxmega4\libc.a(__sio_sprintf_doux.o) (__fmt_s_needed)
c:/progra~1/microc~1/xc8/v3.00/avr/bin/../lib/gcc/avr/5.4.0/../../../../avr/lib/avrxmega4\libc.a(__fmt_u.o)
                              c:/progra~1/microc~1/xc8/v3.00/avr/bin/../lib/gcc/avr/5.4.0/../../../../avr/lib/avrxmega4\libc.a(__fmt_d.o) (__cvt_u)
c:/progra~1/microc~1/xc8/v3.00/avr/bin/../lib/gcc/avr/5.4.0/../../../../avr/lib/avrxmega4\libc.a(__fmt_x.o)
                              c:/progra~1/microc~1/xc8/v3.00/avr/bin/../lib/gcc/avr/5.4.0/../../../../avr/lib/avrxmega4\libc.a(__sio_sprintf_doux.o) (__fmt_x_needed)
c:/progra~1/microc~1/xc8/v3.00/avr/bin/../lib/gcc/avr/5.4.0/../../../../avr/lib/avrxmega4\libc.a(__pop_int.o)
                              c:/progra~1/microc~1/xc8/v3.00/avr/bin/../lib/gcc/avr/5.4.0/../../../../avr/lib/avrxmega4\libc.a(__sio_sprintf_doux.o) (__pop_int_needed)
c:/progra~1/microc~1/xc8/v3.00/avr/bin/../lib/gcc/avr/5.4.0/../../../../avr/lib/avrxmega4\libc.a(__printf_core.o)
                              c:/progra~1/microc~1/xc8/v3.00/avr/bin/../lib/gcc/avr/5.4.0/../../../../avr/lib/avrxmega4\libc.a(__fmt_d.o) (__pad)
c:/progra~1/microc~1/xc8/v3.00/avr/bin/../lib/gcc/avr/5.4.0/../../../../avr/lib/avrxmega4\libc.a(fputc.o)
                              c:/progra~1/microc~1/xc8/v3.00/avr/bin/../lib/gcc/avr/5.4.0/../../../../avr/lib/avrxmega4\libc.a(__printf_core.o) (fputc)
c:/progra~1/microc~1/xc8/v3.00/avr/bin/../lib/gcc/avr/5.4.0/../../../../avr/lib/avrxmega4\libc.a(strlen.o)
                              c:/progra~1/microc~1/xc8/v3.00/avr/bin/../lib/gcc/avr/5.4.0/../../../../avr/lib/avrxmega4\libc.a(__fmt_s.o) (strlen)
c:/progra~1/microc~1/xc8/v3.00/avr/bin/../lib/gcc/avr/5.4.0/../../../../avr/lib/avrxmega4\libc.a(tolower.o)
                              c:/progra~1/microc~1/xc8/v3.00/avr/bin/../lib/gcc/avr/5.4.0/../../../../avr/lib/avrxmega4\libc.a(__printf_core.o) (tolower)
c:/progra~1/microc~1/xc8/v3.00/avr/bin/../lib/gcc/avr/5.4.0/../../../../avr/lib/avrxmega4\libc.a(toupper.o)
                              c:/progra~1/microc~1/xc8/v3.00/avr/bin/../lib/gcc/avr/5.4.0/../../../../avr/lib/avrxmega4\libc.a(__fmt_x.o) (toupper)
c:/progra~1/microc~1/xc8/v3.00/avr/bin/../lib/gcc/avr/5.4.0/../../../../avr/lib/avrxmega4\libc.a(errno.o)
                              c:/progra~1/microc~1/xc8/v3.00/avr/bin/../lib/gcc/avr/5.4.0/../../../../avr/lib/avrxmega4\libc.a(__printf_core.o) (__errno_val)
c:/progra~1/microc~1/xc8/v3.00/avr/bin/../lib/gcc/avr/5.4.0/../../../../avr/lib/avrxmega4\libc.a(_Exit.o)
                              c:/progra~1/microc~1/xc8/v3.00/avr/bin/../lib/gcc/avr/5.4.0/../../../../avr/lib/avrxmega4\libc.a(exit.o) (_Exit)
c:/progra~1/microc~1/xc8/v3.00/avr/bin/../lib/gcc/avr/5.4.0/../../../../avr/lib/avrxmega4\libc.a(__int_vsprintf.o)
                              c:/progra~1/microc~1/xc8/v3.00/avr/bin/../lib/gcc/avr/5.4.0/../../../../avr/lib/avrxmega4\libc.a(__sio_sprintf_doux.o) (__vsprintf)
c:/progra~1/microc~1/xc8/v3.00/avr/bin/../lib/gcc/avr/5.4.0/../../../../avr/lib/avrxmega4\libc.a(__int_vsnprintf.o)
                              c:/progra~1/microc~1/xc8/v3.00/avr/bin/../lib/gcc/avr/5.4.0/../../../../avr/lib/avrxmega4\libc.a(__int_vsprintf.o) (__vsnprintf)
c:/progra~1/microc~1/xc8/v3.00/avr/bin/../lib/gcc/avr/5.4.0/../../../../avr/lib/avrxmega4\libc.a(__int_vfprintf.o)
                              c:/progra~1/microc~1/xc8/v3.00/avr/bin/../lib/gcc/avr/5.4.0/../../../../avr/lib/avrxmega4\libc.a(__int_vsnprintf.o) (__vfprintf)
c:/progra~1/microc~1/xc8/v3.00/avr/bin/../lib/gcc/avr/5.4.0/avrxmega4\libgcc.a(_exit.o)
                              c:/progra~1/microc~1/xc8/v3.00/avr/bin/../lib/gcc/avr/5.4.0/../../../../avr/lib/avrxmega4\libc.a(_Exit.o) (_exit)
c:/progra~1/microc~1/xc8/v3.00/avr/bin/../lib/gcc/avr/5.4.0/avrxmega4\libgcc.a(_prologue.o)
                              c:/progra~1/microc~1/xc8/v3.00/avr/bin/../lib/gcc/avr/5.4.0/../../../../avr/lib/avrxmega4\libc.a(__sio_sprintf_doux.o) (__prologue_saves__)
c:/progra~1/microc~1/xc8/v3.00/avr/bin/../lib/gcc/avr/5.4.0/avrxmega4\libgcc.a(_epilogue.o)
                              c:/progra~1/microc~1/xc8/v3.00/avr/bin/../lib/gcc/avr/5.4.0/../../../../avr/lib/avrxmega4\libc.a(__sio_sprintf_doux.o) (__epilogue_restores__)

Allocating common symbols
Common symbol       size              file

__errno_val         0x2               c:/progra~1/microc~1/xc8/v3.00/avr/bin/../lib/gcc/avr/5.4.0/../../../../avr/lib/avrxmega4\libc.a(errno.o)

Discarded input sections

 .data          0x0000000000000000        0x0 C:/Users/amund/.mchp_packs/Microchip/AVR-Dx_DFP/2.7.321/xc8/avr/lib/avrxmega4/crtavr128db48.o
 .bss           0x0000000000000000        0x0 C:/Users/amund/.mchp_packs/Microchip/AVR-Dx_DFP/2.7.321/xc8/avr/lib/avrxmega4/crtavr128db48.o
 .text          0x0000000000000000        0x0 CMakeFiles\USART_blink_default_default_XC8_compile.dir\C_\Users\amund\MPLABProjects\USART-blink\main.c.o
 .data          0x0000000000000000        0x0 CMakeFiles\USART_blink_default_default_XC8_compile.dir\C_\Users\amund\MPLABProjects\USART-blink\main.c.o
 .bss           0x0000000000000000        0x0 CMakeFiles\USART_blink_default_default_XC8_compile.dir\C_\Users\amund\MPLABProjects\USART-blink\main.c.o
 .text          0x0000000000000000        0x0 c:/progra~1/microc~1/xc8/v3.00/avr/bin/../lib/gcc/avr/5.4.0/avrxmega4\libgcc.a(_udivmodsi4.o)
 .data          0x0000000000000000        0x0 c:/progra~1/microc~1/xc8/v3.00/avr/bin/../lib/gcc/avr/5.4.0/avrxmega4\libgcc.a(_udivmodsi4.o)
 .bss           0x0000000000000000        0x0 c:/progra~1/microc~1/xc8/v3.00/avr/bin/../lib/gcc/avr/5.4.0/avrxmega4\libgcc.a(_udivmodsi4.o)
 .text.libgcc.mul
                0x0000000000000000        0x0 c:/progra~1/microc~1/xc8/v3.00/avr/bin/../lib/gcc/avr/5.4.0/avrxmega4\libgcc.a(_udivmodsi4.o)
 .stack.descriptors
                0x0000000000000000       0x1a c:/progra~1/microc~1/xc8/v3.00/avr/bin/../lib/gcc/avr/5.4.0/avrxmega4\libgcc.a(_udivmodsi4.o)
 .text.libgcc   0x0000000000000000        0x0 c:/progra~1/microc~1/xc8/v3.00/avr/bin/../lib/gcc/avr/5.4.0/avrxmega4\libgcc.a(_udivmodsi4.o)
 .text.libgcc.prologue
                0x0000000000000000        0x0 c:/progra~1/microc~1/xc8/v3.00/avr/bin/../lib/gcc/avr/5.4.0/avrxmega4\libgcc.a(_udivmodsi4.o)
 .text.libgcc.builtins
                0x0000000000000000        0x0 c:/progra~1/microc~1/xc8/v3.00/avr/bin/../lib/gcc/avr/5.4.0/avrxmega4\libgcc.a(_udivmodsi4.o)
 .text.libgcc.fmul
                0x0000000000000000        0x0 c:/progra~1/microc~1/xc8/v3.00/avr/bin/../lib/gcc/avr/5.4.0/avrxmega4\libgcc.a(_udivmodsi4.o)
 .text.libgcc.fixed
                0x0000000000000000        0x0 c:/progra~1/microc~1/xc8/v3.00/avr/bin/../lib/gcc/avr/5.4.0/avrxmega4\libgcc.a(_udivmodsi4.o)
 .text          0x0000000000000000        0x0 c:/progra~1/microc~1/xc8/v3.00/avr/bin/../lib/gcc/avr/5.4.0/avrxmega4\libgcc.a(_copy_data.o)
 .data          0x0000000000000000        0x0 c:/progra~1/microc~1/xc8/v3.00/avr/bin/../lib/gcc/avr/5.4.0/avrxmega4\libgcc.a(_copy_data.o)
 .bss           0x0000000000000000        0x0 c:/progra~1/microc~1/xc8/v3.00/avr/bin/../lib/gcc/avr/5.4.0/avrxmega4\libgcc.a(_copy_data.o)
 .text.libgcc.mul
                0x0000000000000000        0x0 c:/progra~1/microc~1/xc8/v3.00/avr/bin/../lib/gcc/avr/5.4.0/avrxmega4\libgcc.a(_copy_data.o)
 .text.libgcc.div
                0x0000000000000000        0x0 c:/progra~1/microc~1/xc8/v3.00/avr/bin/../lib/gcc/avr/5.4.0/avrxmega4\libgcc.a(_copy_data.o)
 .text.libgcc   0x0000000000000000        0x0 c:/progra~1/microc~1/xc8/v3.00/avr/bin/../lib/gcc/avr/5.4.0/avrxmega4\libgcc.a(_copy_data.o)
 .text.libgcc.prologue
                0x0000000000000000        0x0 c:/progra~1/microc~1/xc8/v3.00/avr/bin/../lib/gcc/avr/5.4.0/avrxmega4\libgcc.a(_copy_data.o)
 .text.libgcc.builtins
                0x0000000000000000        0x0 c:/progra~1/microc~1/xc8/v3.00/avr/bin/../lib/gcc/avr/5.4.0/avrxmega4\libgcc.a(_copy_data.o)
 .text.libgcc.fmul
                0x0000000000000000        0x0 c:/progra~1/microc~1/xc8/v3.00/avr/bin/../lib/gcc/avr/5.4.0/avrxmega4\libgcc.a(_copy_data.o)
 .text.libgcc.fixed
                0x0000000000000000        0x0 c:/progra~1/microc~1/xc8/v3.00/avr/bin/../lib/gcc/avr/5.4.0/avrxmega4\libgcc.a(_copy_data.o)
 .text          0x0000000000000000        0x0 c:/progra~1/microc~1/xc8/v3.00/avr/bin/../lib/gcc/avr/5.4.0/avrxmega4\libgcc.a(_umulhisi3.o)
 .data          0x0000000000000000        0x0 c:/progra~1/microc~1/xc8/v3.00/avr/bin/../lib/gcc/avr/5.4.0/avrxmega4\libgcc.a(_umulhisi3.o)
 .bss           0x0000000000000000        0x0 c:/progra~1/microc~1/xc8/v3.00/avr/bin/../lib/gcc/avr/5.4.0/avrxmega4\libgcc.a(_umulhisi3.o)
 .stack.descriptors
                0x0000000000000000       0x19 c:/progra~1/microc~1/xc8/v3.00/avr/bin/../lib/gcc/avr/5.4.0/avrxmega4\libgcc.a(_umulhisi3.o)
 .text.libgcc.div
                0x0000000000000000        0x0 c:/progra~1/microc~1/xc8/v3.00/avr/bin/../lib/gcc/avr/5.4.0/avrxmega4\libgcc.a(_umulhisi3.o)
 .text.libgcc   0x0000000000000000        0x0 c:/progra~1/microc~1/xc8/v3.00/avr/bin/../lib/gcc/avr/5.4.0/avrxmega4\libgcc.a(_umulhisi3.o)
 .text.libgcc.prologue
                0x0000000000000000        0x0 c:/progra~1/microc~1/xc8/v3.00/avr/bin/../lib/gcc/avr/5.4.0/avrxmega4\libgcc.a(_umulhisi3.o)
 .text.libgcc.builtins
                0x0000000000000000        0x0 c:/progra~1/microc~1/xc8/v3.00/avr/bin/../lib/gcc/avr/5.4.0/avrxmega4\libgcc.a(_umulhisi3.o)
 .text.libgcc.fmul
                0x0000000000000000        0x0 c:/progra~1/microc~1/xc8/v3.00/avr/bin/../lib/gcc/avr/5.4.0/avrxmega4\libgcc.a(_umulhisi3.o)
 .text.libgcc.fixed
                0x0000000000000000        0x0 c:/progra~1/microc~1/xc8/v3.00/avr/bin/../lib/gcc/avr/5.4.0/avrxmega4\libgcc.a(_umulhisi3.o)
 .text          0x0000000000000000        0x0 c:/progra~1/microc~1/xc8/v3.00/avr/bin/../lib/gcc/avr/5.4.0/../../../../avr/lib/avrxmega4\libc.a(exit.o)
 .data          0x0000000000000000        0x0 c:/progra~1/microc~1/xc8/v3.00/avr/bin/../lib/gcc/avr/5.4.0/../../../../avr/lib/avrxmega4\libc.a(exit.o)
 .bss           0x0000000000000000        0x0 c:/progra~1/microc~1/xc8/v3.00/avr/bin/../lib/gcc/avr/5.4.0/../../../../avr/lib/avrxmega4\libc.a(exit.o)
 .stack.descriptors
                0x0000000000000000       0x73 c:/progra~1/microc~1/xc8/v3.00/avr/bin/../lib/gcc/avr/5.4.0/../../../../avr/lib/avrxmega4\libc.a(exit.o)
 .text          0x0000000000000000        0x0 c:/progra~1/microc~1/xc8/v3.00/avr/bin/../lib/gcc/avr/5.4.0/../../../../avr/lib/avrxmega4\libc.a(__sio_sprintf_doux.o)
 .data          0x0000000000000000        0x0 c:/progra~1/microc~1/xc8/v3.00/avr/bin/../lib/gcc/avr/5.4.0/../../../../avr/lib/avrxmega4\libc.a(__sio_sprintf_doux.o)
 .bss           0x0000000000000000        0x0 c:/progra~1/microc~1/xc8/v3.00/avr/bin/../lib/gcc/avr/5.4.0/../../../../avr/lib/avrxmega4\libc.a(__sio_sprintf_doux.o)
 .stack.descriptors
                0x0000000000000000       0x3c c:/progra~1/microc~1/xc8/v3.00/avr/bin/../lib/gcc/avr/5.4.0/../../../../avr/lib/avrxmega4\libc.a(__sio_sprintf_doux.o)
 .text.__sio_sprintf_doux
                0x0000000000000000       0x1a c:/progra~1/microc~1/xc8/v3.00/avr/bin/../lib/gcc/avr/5.4.0/../../../../avr/lib/avrxmega4\libc.a(__sio_sprintf_doux.o)
 .text          0x0000000000000000        0x0 c:/progra~1/microc~1/xc8/v3.00/avr/bin/../lib/gcc/avr/5.4.0/../../../../avr/lib/avrxmega4\libc.a(__fmt_d.o)
 .data          0x0000000000000000        0x0 c:/progra~1/microc~1/xc8/v3.00/avr/bin/../lib/gcc/avr/5.4.0/../../../../avr/lib/avrxmega4\libc.a(__fmt_d.o)
 .bss           0x0000000000000000        0x0 c:/progra~1/microc~1/xc8/v3.00/avr/bin/../lib/gcc/avr/5.4.0/../../../../avr/lib/avrxmega4\libc.a(__fmt_d.o)
 .stack.descriptors
                0x0000000000000000       0x15 c:/progra~1/microc~1/xc8/v3.00/avr/bin/../lib/gcc/avr/5.4.0/../../../../avr/lib/avrxmega4\libc.a(__fmt_d.o)
 .text          0x0000000000000000        0x0 c:/progra~1/microc~1/xc8/v3.00/avr/bin/../lib/gcc/avr/5.4.0/../../../../avr/lib/avrxmega4\libc.a(__fmt_o.o)
 .data          0x0000000000000000        0x0 c:/progra~1/microc~1/xc8/v3.00/avr/bin/../lib/gcc/avr/5.4.0/../../../../avr/lib/avrxmega4\libc.a(__fmt_o.o)
 .bss           0x0000000000000000        0x0 c:/progra~1/microc~1/xc8/v3.00/avr/bin/../lib/gcc/avr/5.4.0/../../../../avr/lib/avrxmega4\libc.a(__fmt_o.o)
 .stack.descriptors
                0x0000000000000000       0x15 c:/progra~1/microc~1/xc8/v3.00/avr/bin/../lib/gcc/avr/5.4.0/../../../../avr/lib/avrxmega4\libc.a(__fmt_o.o)
 .text          0x0000000000000000        0x0 c:/progra~1/microc~1/xc8/v3.00/avr/bin/../lib/gcc/avr/5.4.0/../../../../avr/lib/avrxmega4\libc.a(__fmt_s.o)
 .data          0x0000000000000000        0x0 c:/progra~1/microc~1/xc8/v3.00/avr/bin/../lib/gcc/avr/5.4.0/../../../../avr/lib/avrxmega4\libc.a(__fmt_s.o)
 .bss           0x0000000000000000        0x0 c:/progra~1/microc~1/xc8/v3.00/avr/bin/../lib/gcc/avr/5.4.0/../../../../avr/lib/avrxmega4\libc.a(__fmt_s.o)
 .stack.descriptors
                0x0000000000000000       0x15 c:/progra~1/microc~1/xc8/v3.00/avr/bin/../lib/gcc/avr/5.4.0/../../../../avr/lib/avrxmega4\libc.a(__fmt_s.o)
 .text          0x0000000000000000        0x0 c:/progra~1/microc~1/xc8/v3.00/avr/bin/../lib/gcc/avr/5.4.0/../../../../avr/lib/avrxmega4\libc.a(__fmt_u.o)
 .data          0x0000000000000000        0x0 c:/progra~1/microc~1/xc8/v3.00/avr/bin/../lib/gcc/avr/5.4.0/../../../../avr/lib/avrxmega4\libc.a(__fmt_u.o)
 .bss           0x0000000000000000        0x0 c:/progra~1/microc~1/xc8/v3.00/avr/bin/../lib/gcc/avr/5.4.0/../../../../avr/lib/avrxmega4\libc.a(__fmt_u.o)
 .stack.descriptors
                0x0000000000000000       0x2a c:/progra~1/microc~1/xc8/v3.00/avr/bin/../lib/gcc/avr/5.4.0/../../../../avr/lib/avrxmega4\libc.a(__fmt_u.o)
 .text          0x0000000000000000        0x0 c:/progra~1/microc~1/xc8/v3.00/avr/bin/../lib/gcc/avr/5.4.0/../../../../avr/lib/avrxmega4\libc.a(__fmt_x.o)
 .data          0x0000000000000000        0x0 c:/progra~1/microc~1/xc8/v3.00/avr/bin/../lib/gcc/avr/5.4.0/../../../../avr/lib/avrxmega4\libc.a(__fmt_x.o)
 .bss           0x0000000000000000        0x0 c:/progra~1/microc~1/xc8/v3.00/avr/bin/../lib/gcc/avr/5.4.0/../../../../avr/lib/avrxmega4\libc.a(__fmt_x.o)
 .stack.descriptors
                0x0000000000000000       0x15 c:/progra~1/microc~1/xc8/v3.00/avr/bin/../lib/gcc/avr/5.4.0/../../../../avr/lib/avrxmega4\libc.a(__fmt_x.o)
 .text          0x0000000000000000        0x0 c:/progra~1/microc~1/xc8/v3.00/avr/bin/../lib/gcc/avr/5.4.0/../../../../avr/lib/avrxmega4\libc.a(__pop_int.o)
 .data          0x0000000000000000        0x0 c:/progra~1/microc~1/xc8/v3.00/avr/bin/../lib/gcc/avr/5.4.0/../../../../avr/lib/avrxmega4\libc.a(__pop_int.o)
 .bss           0x0000000000000000        0x0 c:/progra~1/microc~1/xc8/v3.00/avr/bin/../lib/gcc/avr/5.4.0/../../../../avr/lib/avrxmega4\libc.a(__pop_int.o)
 .stack.descriptors
                0x0000000000000000       0x17 c:/progra~1/microc~1/xc8/v3.00/avr/bin/../lib/gcc/avr/5.4.0/../../../../avr/lib/avrxmega4\libc.a(__pop_int.o)
 .text          0x0000000000000000        0x0 c:/progra~1/microc~1/xc8/v3.00/avr/bin/../lib/gcc/avr/5.4.0/../../../../avr/lib/avrxmega4\libc.a(__printf_core.o)
 .data          0x0000000000000000        0x0 c:/progra~1/microc~1/xc8/v3.00/avr/bin/../lib/gcc/avr/5.4.0/../../../../avr/lib/avrxmega4\libc.a(__printf_core.o)
 .bss           0x0000000000000000        0x0 c:/progra~1/microc~1/xc8/v3.00/avr/bin/../lib/gcc/avr/5.4.0/../../../../avr/lib/avrxmega4\libc.a(__printf_core.o)
 .stack.descriptors
                0x0000000000000000       0x91 c:/progra~1/microc~1/xc8/v3.00/avr/bin/../lib/gcc/avr/5.4.0/../../../../avr/lib/avrxmega4\libc.a(__printf_core.o)
 .text          0x0000000000000000        0x0 c:/progra~1/microc~1/xc8/v3.00/avr/bin/../lib/gcc/avr/5.4.0/../../../../avr/lib/avrxmega4\libc.a(fputc.o)
 .data          0x0000000000000000        0x0 c:/progra~1/microc~1/xc8/v3.00/avr/bin/../lib/gcc/avr/5.4.0/../../../../avr/lib/avrxmega4\libc.a(fputc.o)
 .bss           0x0000000000000000        0x0 c:/progra~1/microc~1/xc8/v3.00/avr/bin/../lib/gcc/avr/5.4.0/../../../../avr/lib/avrxmega4\libc.a(fputc.o)
 .stack.descriptors
                0x0000000000000000       0x13 c:/progra~1/microc~1/xc8/v3.00/avr/bin/../lib/gcc/avr/5.4.0/../../../../avr/lib/avrxmega4\libc.a(fputc.o)
 .text          0x0000000000000000        0x0 c:/progra~1/microc~1/xc8/v3.00/avr/bin/../lib/gcc/avr/5.4.0/../../../../avr/lib/avrxmega4\libc.a(strlen.o)
 .data          0x0000000000000000        0x0 c:/progra~1/microc~1/xc8/v3.00/avr/bin/../lib/gcc/avr/5.4.0/../../../../avr/lib/avrxmega4\libc.a(strlen.o)
 .bss           0x0000000000000000        0x0 c:/progra~1/microc~1/xc8/v3.00/avr/bin/../lib/gcc/avr/5.4.0/../../../../avr/lib/avrxmega4\libc.a(strlen.o)
 .stack.descriptors
                0x0000000000000000       0x14 c:/progra~1/microc~1/xc8/v3.00/avr/bin/../lib/gcc/avr/5.4.0/../../../../avr/lib/avrxmega4\libc.a(strlen.o)
 .text          0x0000000000000000        0x0 c:/progra~1/microc~1/xc8/v3.00/avr/bin/../lib/gcc/avr/5.4.0/../../../../avr/lib/avrxmega4\libc.a(tolower.o)
 .data          0x0000000000000000        0x0 c:/progra~1/microc~1/xc8/v3.00/avr/bin/../lib/gcc/avr/5.4.0/../../../../avr/lib/avrxmega4\libc.a(tolower.o)
 .bss           0x0000000000000000        0x0 c:/progra~1/microc~1/xc8/v3.00/avr/bin/../lib/gcc/avr/5.4.0/../../../../avr/lib/avrxmega4\libc.a(tolower.o)
 .stack.descriptors
                0x0000000000000000       0x2e c:/progra~1/microc~1/xc8/v3.00/avr/bin/../lib/gcc/avr/5.4.0/../../../../avr/lib/avrxmega4\libc.a(tolower.o)
 .text.__tolower_l
                0x0000000000000000        0x6 c:/progra~1/microc~1/xc8/v3.00/avr/bin/../lib/gcc/avr/5.4.0/../../../../avr/lib/avrxmega4\libc.a(tolower.o)
 .text          0x0000000000000000        0x0 c:/progra~1/microc~1/xc8/v3.00/avr/bin/../lib/gcc/avr/5.4.0/../../../../avr/lib/avrxmega4\libc.a(toupper.o)
 .data          0x0000000000000000        0x0 c:/progra~1/microc~1/xc8/v3.00/avr/bin/../lib/gcc/avr/5.4.0/../../../../avr/lib/avrxmega4\libc.a(toupper.o)
 .bss           0x0000000000000000        0x0 c:/progra~1/microc~1/xc8/v3.00/avr/bin/../lib/gcc/avr/5.4.0/../../../../avr/lib/avrxmega4\libc.a(toupper.o)
 .stack.descriptors
                0x0000000000000000       0x2e c:/progra~1/microc~1/xc8/v3.00/avr/bin/../lib/gcc/avr/5.4.0/../../../../avr/lib/avrxmega4\libc.a(toupper.o)
 .text.__toupper_l
                0x0000000000000000        0x6 c:/progra~1/microc~1/xc8/v3.00/avr/bin/../lib/gcc/avr/5.4.0/../../../../avr/lib/avrxmega4\libc.a(toupper.o)
 .text          0x0000000000000000        0x0 c:/progra~1/microc~1/xc8/v3.00/avr/bin/../lib/gcc/avr/5.4.0/../../../../avr/lib/avrxmega4\libc.a(errno.o)
 .data          0x0000000000000000        0x0 c:/progra~1/microc~1/xc8/v3.00/avr/bin/../lib/gcc/avr/5.4.0/../../../../avr/lib/avrxmega4\libc.a(errno.o)
 .bss           0x0000000000000000        0x0 c:/progra~1/microc~1/xc8/v3.00/avr/bin/../lib/gcc/avr/5.4.0/../../../../avr/lib/avrxmega4\libc.a(errno.o)
 .text          0x0000000000000000        0x0 c:/progra~1/microc~1/xc8/v3.00/avr/bin/../lib/gcc/avr/5.4.0/../../../../avr/lib/avrxmega4\libc.a(_Exit.o)
 .data          0x0000000000000000        0x0 c:/progra~1/microc~1/xc8/v3.00/avr/bin/../lib/gcc/avr/5.4.0/../../../../avr/lib/avrxmega4\libc.a(_Exit.o)
 .bss           0x0000000000000000        0x0 c:/progra~1/microc~1/xc8/v3.00/avr/bin/../lib/gcc/avr/5.4.0/../../../../avr/lib/avrxmega4\libc.a(_Exit.o)
 .stack.descriptors
                0x0000000000000000       0x13 c:/progra~1/microc~1/xc8/v3.00/avr/bin/../lib/gcc/avr/5.4.0/../../../../avr/lib/avrxmega4\libc.a(_Exit.o)
 .text          0x0000000000000000        0x0 c:/progra~1/microc~1/xc8/v3.00/avr/bin/../lib/gcc/avr/5.4.0/../../../../avr/lib/avrxmega4\libc.a(__int_vsprintf.o)
 .data          0x0000000000000000        0x0 c:/progra~1/microc~1/xc8/v3.00/avr/bin/../lib/gcc/avr/5.4.0/../../../../avr/lib/avrxmega4\libc.a(__int_vsprintf.o)
 .bss           0x0000000000000000        0x0 c:/progra~1/microc~1/xc8/v3.00/avr/bin/../lib/gcc/avr/5.4.0/../../../../avr/lib/avrxmega4\libc.a(__int_vsprintf.o)
 .stack.descriptors
                0x0000000000000000       0x18 c:/progra~1/microc~1/xc8/v3.00/avr/bin/../lib/gcc/avr/5.4.0/../../../../avr/lib/avrxmega4\libc.a(__int_vsprintf.o)
 .text          0x0000000000000000        0x0 c:/progra~1/microc~1/xc8/v3.00/avr/bin/../lib/gcc/avr/5.4.0/../../../../avr/lib/avrxmega4\libc.a(__int_vsnprintf.o)
 .data          0x0000000000000000        0x0 c:/progra~1/microc~1/xc8/v3.00/avr/bin/../lib/gcc/avr/5.4.0/../../../../avr/lib/avrxmega4\libc.a(__int_vsnprintf.o)
 .bss           0x0000000000000000        0x0 c:/progra~1/microc~1/xc8/v3.00/avr/bin/../lib/gcc/avr/5.4.0/../../../../avr/lib/avrxmega4\libc.a(__int_vsnprintf.o)
 .stack.descriptors
                0x0000000000000000       0x19 c:/progra~1/microc~1/xc8/v3.00/avr/bin/../lib/gcc/avr/5.4.0/../../../../avr/lib/avrxmega4\libc.a(__int_vsnprintf.o)
 .text          0x0000000000000000        0x0 c:/progra~1/microc~1/xc8/v3.00/avr/bin/../lib/gcc/avr/5.4.0/../../../../avr/lib/avrxmega4\libc.a(__int_vfprintf.o)
 .data          0x0000000000000000        0x0 c:/progra~1/microc~1/xc8/v3.00/avr/bin/../lib/gcc/avr/5.4.0/../../../../avr/lib/avrxmega4\libc.a(__int_vfprintf.o)
 .bss           0x0000000000000000        0x0 c:/progra~1/microc~1/xc8/v3.00/avr/bin/../lib/gcc/avr/5.4.0/../../../../avr/lib/avrxmega4\libc.a(__int_vfprintf.o)
 .stack.descriptors
                0x0000000000000000       0x18 c:/progra~1/microc~1/xc8/v3.00/avr/bin/../lib/gcc/avr/5.4.0/../../../../avr/lib/avrxmega4\libc.a(__int_vfprintf.o)
 .text          0x0000000000000000        0x0 c:/progra~1/microc~1/xc8/v3.00/avr/bin/../lib/gcc/avr/5.4.0/avrxmega4\libgcc.a(_exit.o)
 .data          0x0000000000000000        0x0 c:/progra~1/microc~1/xc8/v3.00/avr/bin/../lib/gcc/avr/5.4.0/avrxmega4\libgcc.a(_exit.o)
 .bss           0x0000000000000000        0x0 c:/progra~1/microc~1/xc8/v3.00/avr/bin/../lib/gcc/avr/5.4.0/avrxmega4\libgcc.a(_exit.o)
 .text.libgcc.mul
                0x0000000000000000        0x0 c:/progra~1/microc~1/xc8/v3.00/avr/bin/../lib/gcc/avr/5.4.0/avrxmega4\libgcc.a(_exit.o)
 .text.libgcc.div
                0x0000000000000000        0x0 c:/progra~1/microc~1/xc8/v3.00/avr/bin/../lib/gcc/avr/5.4.0/avrxmega4\libgcc.a(_exit.o)
 .text.libgcc   0x0000000000000000        0x0 c:/progra~1/microc~1/xc8/v3.00/avr/bin/../lib/gcc/avr/5.4.0/avrxmega4\libgcc.a(_exit.o)
 .text.libgcc.prologue
                0x0000000000000000        0x0 c:/progra~1/microc~1/xc8/v3.00/avr/bin/../lib/gcc/avr/5.4.0/avrxmega4\libgcc.a(_exit.o)
 .stack.descriptors
                0x0000000000000000       0x13 c:/progra~1/microc~1/xc8/v3.00/avr/bin/../lib/gcc/avr/5.4.0/avrxmega4\libgcc.a(_exit.o)
 .text.libgcc.builtins
                0x0000000000000000        0x0 c:/progra~1/microc~1/xc8/v3.00/avr/bin/../lib/gcc/avr/5.4.0/avrxmega4\libgcc.a(_exit.o)
 .text.libgcc.fmul
                0x0000000000000000        0x0 c:/progra~1/microc~1/xc8/v3.00/avr/bin/../lib/gcc/avr/5.4.0/avrxmega4\libgcc.a(_exit.o)
 .text.libgcc.fixed
                0x0000000000000000        0x0 c:/progra~1/microc~1/xc8/v3.00/avr/bin/../lib/gcc/avr/5.4.0/avrxmega4\libgcc.a(_exit.o)
 .text          0x0000000000000000        0x0 c:/progra~1/microc~1/xc8/v3.00/avr/bin/../lib/gcc/avr/5.4.0/avrxmega4\libgcc.a(_prologue.o)
 .data          0x0000000000000000        0x0 c:/progra~1/microc~1/xc8/v3.00/avr/bin/../lib/gcc/avr/5.4.0/avrxmega4\libgcc.a(_prologue.o)
 .bss           0x0000000000000000        0x0 c:/progra~1/microc~1/xc8/v3.00/avr/bin/../lib/gcc/avr/5.4.0/avrxmega4\libgcc.a(_prologue.o)
 .text.libgcc.mul
                0x0000000000000000        0x0 c:/progra~1/microc~1/xc8/v3.00/avr/bin/../lib/gcc/avr/5.4.0/avrxmega4\libgcc.a(_prologue.o)
 .text.libgcc.div
                0x0000000000000000        0x0 c:/progra~1/microc~1/xc8/v3.00/avr/bin/../lib/gcc/avr/5.4.0/avrxmega4\libgcc.a(_prologue.o)
 .text.libgcc   0x0000000000000000        0x0 c:/progra~1/microc~1/xc8/v3.00/avr/bin/../lib/gcc/avr/5.4.0/avrxmega4\libgcc.a(_prologue.o)
 .text.libgcc.builtins
                0x0000000000000000        0x0 c:/progra~1/microc~1/xc8/v3.00/avr/bin/../lib/gcc/avr/5.4.0/avrxmega4\libgcc.a(_prologue.o)
 .text.libgcc.fmul
                0x0000000000000000        0x0 c:/progra~1/microc~1/xc8/v3.00/avr/bin/../lib/gcc/avr/5.4.0/avrxmega4\libgcc.a(_prologue.o)
 .text.libgcc.fixed
                0x0000000000000000        0x0 c:/progra~1/microc~1/xc8/v3.00/avr/bin/../lib/gcc/avr/5.4.0/avrxmega4\libgcc.a(_prologue.o)
 .text          0x0000000000000000        0x0 c:/progra~1/microc~1/xc8/v3.00/avr/bin/../lib/gcc/avr/5.4.0/avrxmega4\libgcc.a(_epilogue.o)
 .data          0x0000000000000000        0x0 c:/progra~1/microc~1/xc8/v3.00/avr/bin/../lib/gcc/avr/5.4.0/avrxmega4\libgcc.a(_epilogue.o)
 .bss           0x0000000000000000        0x0 c:/progra~1/microc~1/xc8/v3.00/avr/bin/../lib/gcc/avr/5.4.0/avrxmega4\libgcc.a(_epilogue.o)
 .text.libgcc.mul
                0x0000000000000000        0x0 c:/progra~1/microc~1/xc8/v3.00/avr/bin/../lib/gcc/avr/5.4.0/avrxmega4\libgcc.a(_epilogue.o)
 .text.libgcc.div
                0x0000000000000000        0x0 c:/progra~1/microc~1/xc8/v3.00/avr/bin/../lib/gcc/avr/5.4.0/avrxmega4\libgcc.a(_epilogue.o)
 .text.libgcc   0x0000000000000000        0x0 c:/progra~1/microc~1/xc8/v3.00/avr/bin/../lib/gcc/avr/5.4.0/avrxmega4\libgcc.a(_epilogue.o)
 .text.libgcc.builtins
                0x0000000000000000        0x0 c:/progra~1/microc~1/xc8/v3.00/avr/bin/../lib/gcc/avr/5.4.0/avrxmega4\libgcc.a(_epilogue.o)
 .text.libgcc.fmul
                0x0000000000000000        0x0 c:/progra~1/microc~1/xc8/v3.00/avr/bin/../lib/gcc/avr/5.4.0/avrxmega4\libgcc.a(_epilogue.o)
 .text.libgcc.fixed
                0x0000000000000000        0x0 c:/progra~1/microc~1/xc8/v3.00/avr/bin/../lib/gcc/avr/5.4.0/avrxmega4\libgcc.a(_epilogue.o)

Memory Configuration

Name             Origin             Length             Attributes
text             0x0000000000000000 0x0000000000020000 xr
data             0x0000000000804000 0x0000000000004000 rw !x
eeprom           0x0000000000810000 0x0000000000000200 rw !x
fuse             0x0000000000820000 0x0000000000000010 rw !x
lock             0x0000000000830000 0x0000000000000400 rw !x
signature        0x0000000000840000 0x0000000000000400 rw !x
user_signatures  0x0000000000850000 0x0000000000000400 rw !x
bootrow          0x0000000000860000 0x0000000000000400 rw !x
*default*        0x0000000000000000 0xffffffffffffffff

Linker script and memory map

Address of section .data set to 0x804000
                0x0000000000008000                __RODATA_PM_OFFSET__ = 0x8000
LOAD C:/Users/amund/.mchp_packs/Microchip/AVR-Dx_DFP/2.7.321/xc8/avr/lib/avrxmega4/crtavr128db48.o
                0x0000000000000001                __MPLAB_BUILD = 0x1
LOAD CMakeFiles\USART_blink_default_default_XC8_compile.dir\C_\Users\amund\MPLABProjects\USART-blink\main.c.o
START GROUP
LOAD c:/progra~1/microc~1/xc8/v3.00/avr/bin/../lib/gcc/avr/5.4.0/avrxmega4\libgcc.a
LOAD c:/progra~1/microc~1/xc8/v3.00/avr/bin/../lib/gcc/avr/5.4.0/../../../../avr/lib/avrxmega4\libm.a
LOAD c:/progra~1/microc~1/xc8/v3.00/avr/bin/../lib/gcc/avr/5.4.0/../../../../avr/lib/avrxmega4\libc.a
LOAD C:/Users/amund/.mchp_packs/Microchip/AVR-Dx_DFP/2.7.321/xc8/avr/lib/avrxmega4\libavr128db48.a
END GROUP
                [0x0000000000000000]                __TEXT_REGION_ORIGIN__ = DEFINED (__TEXT_REGION_ORIGIN__)?__TEXT_REGION_ORIGIN__:0x0
                [0x0000000000804000]                __DATA_REGION_ORIGIN__ = DEFINED (__DATA_REGION_ORIGIN__)?__DATA_REGION_ORIGIN__:0x802000
                [0x0000000000020000]                __TEXT_REGION_LENGTH__ = DEFINED (__TEXT_REGION_LENGTH__)?__TEXT_REGION_LENGTH__:0x100000
                [0x0000000000004000]                __DATA_REGION_LENGTH__ = DEFINED (__DATA_REGION_LENGTH__)?__DATA_REGION_LENGTH__:0xffa0
                [0x0000000000000200]                __EEPROM_REGION_LENGTH__ = DEFINED (__EEPROM_REGION_LENGTH__)?__EEPROM_REGION_LENGTH__:0x10000
                [0x0000000000000010]                __FUSE_REGION_LENGTH__ = DEFINED (__FUSE_REGION_LENGTH__)?__FUSE_REGION_LENGTH__:0x400
                0x0000000000000400                __LOCK_REGION_LENGTH__ = DEFINED (__LOCK_REGION_LENGTH__)?__LOCK_REGION_LENGTH__:0x400
                0x0000000000000400                __SIGNATURE_REGION_LENGTH__ = DEFINED (__SIGNATURE_REGION_LENGTH__)?__SIGNATURE_REGION_LENGTH__:0x400
                0x0000000000000400                __USER_SIGNATURE_REGION_LENGTH__ = DEFINED (__USER_SIGNATURE_REGION_LENGTH__)?__USER_SIGNATURE_REGION_LENGTH__:0x400
                0x0000000000000400                __BOOTROW_REGION_LENGTH__ = DEFINED (__BOOTROW_REGION_LENGTH__)?__BOOTROW_REGION_LENGTH__:0x400

.hash
 *(.hash)

.dynsym
 *(.dynsym)

.dynstr
 *(.dynstr)

.gnu.version
 *(.gnu.version)

.gnu.version_d
 *(.gnu.version_d)

.gnu.version_r
 *(.gnu.version_r)

.rel.init
 *(.rel.init)

.rela.init
 *(.rela.init)

.rel.text
 *(.rel.text)
 *(.rel.text.*)
 *(.rel.gnu.linkonce.t*)

.rela.text
 *(.rela.text)
 *(.rela.text.*)
 *(.rela.gnu.linkonce.t*)

.rel.fini
 *(.rel.fini)

.rela.fini
 *(.rela.fini)

.rel.rodata
 *(.rel.rodata)
 *(.rel.rodata.*)
 *(.rel.gnu.linkonce.r*)

.rela.rodata
 *(.rela.rodata)
 *(.rela.rodata.*)
 *(.rela.gnu.linkonce.r*)

.rel.data
 *(.rel.data)
 *(.rel.data.*)
 *(.rel.gnu.linkonce.d*)

.rela.data
 *(.rela.data)
 *(.rela.data.*)
 *(.rela.gnu.linkonce.d*)

.rel.ctors
 *(.rel.ctors)

.rela.ctors
 *(.rela.ctors)

.rel.dtors
 *(.rel.dtors)

.rela.dtors
 *(.rela.dtors)

.rel.got
 *(.rel.got)

.rela.got
 *(.rela.got)

.rel.bss
 *(.rel.bss)

.rela.bss
 *(.rela.bss)

.rel.plt
 *(.rel.plt)

.rela.plt
 *(.rela.plt)

.text           0x0000000000000000      0x158
 *(.vectors)
 .vectors       0x0000000000000000       0xf4 C:/Users/amund/.mchp_packs/Microchip/AVR-Dx_DFP/2.7.321/xc8/avr/lib/avrxmega4/crtavr128db48.o
                0x0000000000000000                __vector_default
                0x0000000000000000                __vectors
 *(.vectors)
 *(.progmem.gcc*)
 *(.dinit)
 .dinit         0x00000000000000f4        0xc data_init
                0x0000000000000100                . = ALIGN (0x2)
 *fill*         0x0000000000000100        0x0 
                0x0000000000000100                __trampolines_start = .
 *(.trampolines)
 .trampolines   0x0000000000000100        0x0 linker stubs
 *(.trampolines*)
                0x0000000000000100                __trampolines_end = .
 *libprintf_flt.a:*(.progmem.data)
 *libc.a:*(.progmem.data)
                0x0000000000000100                . = ALIGN (0x2)
 *(.jumptables)
 *(.jumptables*)
 *(.lowtext)
 *(.lowtext*)
                0x0000000000000100                __ctors_start = .
 *(.ctors)
                0x0000000000000100                __ctors_end = .
                0x0000000000000100                __dtors_start = .
 *(.dtors)
                0x0000000000000100                __dtors_end = .
 SORT(*)(.ctors)
 SORT(*)(.dtors)
 *(.init0)
 .init0         0x0000000000000100        0x0 C:/Users/amund/.mchp_packs/Microchip/AVR-Dx_DFP/2.7.321/xc8/avr/lib/avrxmega4/crtavr128db48.o
                0x0000000000000100                __init
 *(.init0)
 *(.init1)
 *(.init1)
 *(.init2)
 .init2         0x0000000000000100        0xc C:/Users/amund/.mchp_packs/Microchip/AVR-Dx_DFP/2.7.321/xc8/avr/lib/avrxmega4/crtavr128db48.o
 *(.init2)
 *(.init3)
 *(.init3)
 *(.init4)
 .init4         0x000000000000010c       0x40 c:/progra~1/microc~1/xc8/v3.00/avr/bin/../lib/gcc/avr/5.4.0/avrxmega4\libgcc.a(_copy_data.o)
                0x000000000000010c                __do_copy_data
                0x000000000000013e                __do_clear_bss
 *(.init4)
 *(.init5)
 *(.init5)
 *(.init6)
 *(.init6)
 *(.init7)
 *(.init7)
 *(.init8)
 *(.init8)
 *(.init9)
 .init9         0x000000000000014c        0x8 C:/Users/amund/.mchp_packs/Microchip/AVR-Dx_DFP/2.7.321/xc8/avr/lib/avrxmega4/crtavr128db48.o
 *(.init9)
                0x0000000000000154                . = ALIGN (0x2)
 *(.fini9)
 .fini9         0x0000000000000154        0x0 c:/progra~1/microc~1/xc8/v3.00/avr/bin/../lib/gcc/avr/5.4.0/avrxmega4\libgcc.a(_exit.o)
                0x0000000000000154                _exit
 *(.fini9)
 *(.fini8)
 *(.fini8)
 *(.fini7)
 *(.fini7)
 *(.fini6)
 *(.fini6)
 *(.fini5)
 *(.fini5)
 *(.fini4)
 *(.fini4)
 *(.fini3)
 *(.fini3)
 *(.fini2)
 *(.fini2)
 *(.fini1)
 *(.fini1)
 *(.fini0)
 .fini0         0x0000000000000154        0x4 c:/progra~1/microc~1/xc8/v3.00/avr/bin/../lib/gcc/avr/5.4.0/avrxmega4\libgcc.a(_exit.o)
 *(.fini0)
                0x0000000000000158                _etext = .

.data           0x0000000000804000        0x0 load address 0x0000000000000158
                [!provide]                        PROVIDE (__data_start, .)
 *(.gnu.linkonce.d*)
 *(.gnu.linkonce.r*)
                0x0000000000804000                . = ALIGN (0x2)
                0x0000000000804000                _edata = .
                [!provide]                        PROVIDE (__data_end, .)

.bss            0x0000000000804000        0x2
                [!provide]                        PROVIDE (__bss_start, .)
 *(COMMON)
 COMMON         0x0000000000804000        0x2 c:/progra~1/microc~1/xc8/v3.00/avr/bin/../lib/gcc/avr/5.4.0/../../../../avr/lib/avrxmega4\libc.a(errno.o)
                0x0000000000804000                __errno_val
                [!provide]                        PROVIDE (__bss_end, .)
                0x0000000000000158                __data_load_start = LOADADDR (.data)
                0x0000000000000158                __data_load_end = (__data_load_start + SIZEOF (.data))

.noinit         0x0000000000804002        0x0
                [!provide]                        PROVIDE (__noinit_start, .)
 *(.noinit*)
                [!provide]                        PROVIDE (__noinit_end, .)
                0x0000000000804002                _end = .

.eeprom         0x0000000000810000        0x0
 *(.eeprom*)
                0x0000000000810000                __eeprom_end = .

.fuse
 *(.fuse)
 *(.lfuse)
 *(.hfuse)
 *(.efuse)

.lock
 *(.lock*)

.signature
 *(.signature*)

.user_signatures
 *(.user_signatures*)

.bootrow
 *(.bootrow*)

.stab
 *(.stab)

.stabstr
 *(.stabstr)

.stab.excl
 *(.stab.excl)

.stab.exclstr
 *(.stab.exclstr)

.stab.index
 *(.stab.index)

.stab.indexstr
 *(.stab.indexstr)

.comment        0x0000000000000000       0x5b
 *(.comment)
 .comment       0x0000000000000000       0x2f CMakeFiles\USART_blink_default_default_XC8_compile.dir\C_\Users\amund\MPLABProjects\USART-blink\main.c.o
                                         0x30 (size before relaxing)
 .comment       0x000000000000002f       0x2c c:/progra~1/microc~1/xc8/v3.00/avr/bin/../lib/gcc/avr/5.4.0/../../../../avr/lib/avrxmega4\libc.a(exit.o)
                                         0x2d (size before relaxing)
 .comment       0x000000000000005b       0x2d c:/progra~1/microc~1/xc8/v3.00/avr/bin/../lib/gcc/avr/5.4.0/../../../../avr/lib/avrxmega4\libc.a(__sio_sprintf_doux.o)
 .comment       0x000000000000005b       0x2d c:/progra~1/microc~1/xc8/v3.00/avr/bin/../lib/gcc/avr/5.4.0/../../../../avr/lib/avrxmega4\libc.a(__fmt_d.o)
 .comment       0x000000000000005b       0x2d c:/progra~1/microc~1/xc8/v3.00/avr/bin/../lib/gcc/avr/5.4.0/../../../../avr/lib/avrxmega4\libc.a(__fmt_o.o)
 .comment       0x000000000000005b       0x2d c:/progra~1/microc~1/xc8/v3.00/avr/bin/../lib/gcc/avr/5.4.0/../../../../avr/lib/avrxmega4\libc.a(__fmt_s.o)
 .comment       0x000000000000005b       0x2d c:/progra~1/microc~1/xc8/v3.00/avr/bin/../lib/gcc/avr/5.4.0/../../../../avr/lib/avrxmega4\libc.a(__fmt_u.o)
 .comment       0x000000000000005b       0x2d c:/progra~1/microc~1/xc8/v3.00/avr/bin/../lib/gcc/avr/5.4.0/../../../../avr/lib/avrxmega4\libc.a(__fmt_x.o)
 .comment       0x000000000000005b       0x2d c:/progra~1/microc~1/xc8/v3.00/avr/bin/../lib/gcc/avr/5.4.0/../../../../avr/lib/avrxmega4\libc.a(__pop_int.o)
 .comment       0x000000000000005b       0x2d c:/progra~1/microc~1/xc8/v3.00/avr/bin/../lib/gcc/avr/5.4.0/../../../../avr/lib/avrxmega4\libc.a(__printf_core.o)
 .comment       0x000000000000005b       0x2d c:/progra~1/microc~1/xc8/v3.00/avr/bin/../lib/gcc/avr/5.4.0/../../../../avr/lib/avrxmega4\libc.a(fputc.o)
 .comment       0x000000000000005b       0x2d c:/progra~1/microc~1/xc8/v3.00/avr/bin/../lib/gcc/avr/5.4.0/../../../../avr/lib/avrxmega4\libc.a(strlen.o)
 .comment       0x000000000000005b       0x2d c:/progra~1/microc~1/xc8/v3.00/avr/bin/../lib/gcc/avr/5.4.0/../../../../avr/lib/avrxmega4\libc.a(tolower.o)
 .comment       0x000000000000005b       0x2d c:/progra~1/microc~1/xc8/v3.00/avr/bin/../lib/gcc/avr/5.4.0/../../../../avr/lib/avrxmega4\libc.a(toupper.o)
 .comment       0x000000000000005b       0x2d c:/progra~1/microc~1/xc8/v3.00/avr/bin/../lib/gcc/avr/5.4.0/../../../../avr/lib/avrxmega4\libc.a(errno.o)
 .comment       0x000000000000005b       0x2d c:/progra~1/microc~1/xc8/v3.00/avr/bin/../lib/gcc/avr/5.4.0/../../../../avr/lib/avrxmega4\libc.a(_Exit.o)
 .comment       0x000000000000005b       0x2d c:/progra~1/microc~1/xc8/v3.00/avr/bin/../lib/gcc/avr/5.4.0/../../../../avr/lib/avrxmega4\libc.a(__int_vsprintf.o)
 .comment       0x000000000000005b       0x2d c:/progra~1/microc~1/xc8/v3.00/avr/bin/../lib/gcc/avr/5.4.0/../../../../avr/lib/avrxmega4\libc.a(__int_vsnprintf.o)
 .comment       0x000000000000005b       0x2d c:/progra~1/microc~1/xc8/v3.00/avr/bin/../lib/gcc/avr/5.4.0/../../../../avr/lib/avrxmega4\libc.a(__int_vfprintf.o)

.stack.descriptors.hdr
                0x0000000000000000      0x126
 .stack.descriptors.hdr
                0x0000000000000000        0xe c:/progra~1/microc~1/xc8/v3.00/avr/bin/../lib/gcc/avr/5.4.0/avrxmega4\libgcc.a(_udivmodsi4.o)
 .stack.descriptors.hdr
                0x000000000000000e        0xe c:/progra~1/microc~1/xc8/v3.00/avr/bin/../lib/gcc/avr/5.4.0/avrxmega4\libgcc.a(_umulhisi3.o)
 .stack.descriptors.hdr
                0x000000000000001c        0xe c:/progra~1/microc~1/xc8/v3.00/avr/bin/../lib/gcc/avr/5.4.0/../../../../avr/lib/avrxmega4\libc.a(exit.o)
 .stack.descriptors.hdr
                0x000000000000002a        0xe c:/progra~1/microc~1/xc8/v3.00/avr/bin/../lib/gcc/avr/5.4.0/../../../../avr/lib/avrxmega4\libc.a(__sio_sprintf_doux.o)
 .stack.descriptors.hdr
                0x0000000000000038        0xe c:/progra~1/microc~1/xc8/v3.00/avr/bin/../lib/gcc/avr/5.4.0/../../../../avr/lib/avrxmega4\libc.a(__fmt_d.o)
 .stack.descriptors.hdr
                0x0000000000000046        0xe c:/progra~1/microc~1/xc8/v3.00/avr/bin/../lib/gcc/avr/5.4.0/../../../../avr/lib/avrxmega4\libc.a(__fmt_o.o)
 .stack.descriptors.hdr
                0x0000000000000054        0xe c:/progra~1/microc~1/xc8/v3.00/avr/bin/../lib/gcc/avr/5.4.0/../../../../avr/lib/avrxmega4\libc.a(__fmt_s.o)
 .stack.descriptors.hdr
                0x0000000000000062        0xe c:/progra~1/microc~1/xc8/v3.00/avr/bin/../lib/gcc/avr/5.4.0/../../../../avr/lib/avrxmega4\libc.a(__fmt_u.o)
 .stack.descriptors.hdr
                0x0000000000000070        0xe c:/progra~1/microc~1/xc8/v3.00/avr/bin/../lib/gcc/avr/5.4.0/../../../../avr/lib/avrxmega4\libc.a(__fmt_x.o)
 .stack.descriptors.hdr
                0x000000000000007e        0xe c:/progra~1/microc~1/xc8/v3.00/avr/bin/../lib/gcc/avr/5.4.0/../../../../avr/lib/avrxmega4\libc.a(__pop_int.o)
 .stack.descriptors.hdr
                0x000000000000008c        0xe c:/progra~1/microc~1/xc8/v3.00/avr/bin/../lib/gcc/avr/5.4.0/../../../../avr/lib/avrxmega4\libc.a(__printf_core.o)
 .stack.descriptors.hdr
                0x000000000000009a        0xe c:/progra~1/microc~1/xc8/v3.00/avr/bin/../lib/gcc/avr/5.4.0/../../../../avr/lib/avrxmega4\libc.a(fputc.o)
 .stack.descriptors.hdr
                0x00000000000000a8        0xe c:/progra~1/microc~1/xc8/v3.00/avr/bin/../lib/gcc/avr/5.4.0/../../../../avr/lib/avrxmega4\libc.a(strlen.o)
 .stack.descriptors.hdr
                0x00000000000000b6        0xe c:/progra~1/microc~1/xc8/v3.00/avr/bin/../lib/gcc/avr/5.4.0/../../../../avr/lib/avrxmega4\libc.a(tolower.o)
 .stack.descriptors.hdr
                0x00000000000000c4        0xe c:/progra~1/microc~1/xc8/v3.00/avr/bin/../lib/gcc/avr/5.4.0/../../../../avr/lib/avrxmega4\libc.a(toupper.o)
 .stack.descriptors.hdr
                0x00000000000000d2        0xe c:/progra~1/microc~1/xc8/v3.00/avr/bin/../lib/gcc/avr/5.4.0/../../../../avr/lib/avrxmega4\libc.a(errno.o)
 .stack.descriptors.hdr
                0x00000000000000e0        0xe c:/progra~1/microc~1/xc8/v3.00/avr/bin/../lib/gcc/avr/5.4.0/../../../../avr/lib/avrxmega4\libc.a(_Exit.o)
 .stack.descriptors.hdr
                0x00000000000000ee        0xe c:/progra~1/microc~1/xc8/v3.00/avr/bin/../lib/gcc/avr/5.4.0/../../../../avr/lib/avrxmega4\libc.a(__int_vsprintf.o)
 .stack.descriptors.hdr
                0x00000000000000fc        0xe c:/progra~1/microc~1/xc8/v3.00/avr/bin/../lib/gcc/avr/5.4.0/../../../../avr/lib/avrxmega4\libc.a(__int_vsnprintf.o)
 .stack.descriptors.hdr
                0x000000000000010a        0xe c:/progra~1/microc~1/xc8/v3.00/avr/bin/../lib/gcc/avr/5.4.0/../../../../avr/lib/avrxmega4\libc.a(__int_vfprintf.o)
 .stack.descriptors.hdr
                0x0000000000000118        0xe c:/progra~1/microc~1/xc8/v3.00/avr/bin/../lib/gcc/avr/5.4.0/avrxmega4\libgcc.a(_exit.o)

.note.GNU-stack
                0x0000000000000000        0x0
 .note.GNU-stack
                0x0000000000000000        0x0 c:/progra~1/microc~1/xc8/v3.00/avr/bin/../lib/gcc/avr/5.4.0/../../../../avr/lib/avrxmega4\libc.a(exit.o)
 .note.GNU-stack
                0x0000000000000000        0x0 c:/progra~1/microc~1/xc8/v3.00/avr/bin/../lib/gcc/avr/5.4.0/../../../../avr/lib/avrxmega4\libc.a(__sio_sprintf_doux.o)
 .note.GNU-stack
                0x0000000000000000        0x0 c:/progra~1/microc~1/xc8/v3.00/avr/bin/../lib/gcc/avr/5.4.0/../../../../avr/lib/avrxmega4\libc.a(__fmt_d.o)
 .note.GNU-stack
                0x0000000000000000        0x0 c:/progra~1/microc~1/xc8/v3.00/avr/bin/../lib/gcc/avr/5.4.0/../../../../avr/lib/avrxmega4\libc.a(__fmt_o.o)
 .note.GNU-stack
                0x0000000000000000        0x0 c:/progra~1/microc~1/xc8/v3.00/avr/bin/../lib/gcc/avr/5.4.0/../../../../avr/lib/avrxmega4\libc.a(__fmt_s.o)
 .note.GNU-stack
                0x0000000000000000        0x0 c:/progra~1/microc~1/xc8/v3.00/avr/bin/../lib/gcc/avr/5.4.0/../../../../avr/lib/avrxmega4\libc.a(__fmt_u.o)
 .note.GNU-stack
                0x0000000000000000        0x0 c:/progra~1/microc~1/xc8/v3.00/avr/bin/../lib/gcc/avr/5.4.0/../../../../avr/lib/avrxmega4\libc.a(__fmt_x.o)
 .note.GNU-stack
                0x0000000000000000        0x0 c:/progra~1/microc~1/xc8/v3.00/avr/bin/../lib/gcc/avr/5.4.0/../../../../avr/lib/avrxmega4\libc.a(__pop_int.o)
 .note.GNU-stack
                0x0000000000000000        0x0 c:/progra~1/microc~1/xc8/v3.00/avr/bin/../lib/gcc/avr/5.4.0/../../../../avr/lib/avrxmega4\libc.a(__printf_core.o)
 .note.GNU-stack
                0x0000000000000000        0x0 c:/progra~1/microc~1/xc8/v3.00/avr/bin/../lib/gcc/avr/5.4.0/../../../../avr/lib/avrxmega4\libc.a(fputc.o)
 .note.GNU-stack
                0x0000000000000000        0x0 c:/progra~1/microc~1/xc8/v3.00/avr/bin/../lib/gcc/avr/5.4.0/../../../../avr/lib/avrxmega4\libc.a(strlen.o)
 .note.GNU-stack
                0x0000000000000000        0x0 c:/progra~1/microc~1/xc8/v3.00/avr/bin/../lib/gcc/avr/5.4.0/../../../../avr/lib/avrxmega4\libc.a(tolower.o)
 .note.GNU-stack
                0x0000000000000000        0x0 c:/progra~1/microc~1/xc8/v3.00/avr/bin/../lib/gcc/avr/5.4.0/../../../../avr/lib/avrxmega4\libc.a(toupper.o)
 .note.GNU-stack
                0x0000000000000000        0x0 c:/progra~1/microc~1/xc8/v3.00/avr/bin/../lib/gcc/avr/5.4.0/../../../../avr/lib/avrxmega4\libc.a(errno.o)
 .note.GNU-stack
                0x0000000000000000        0x0 c:/progra~1/microc~1/xc8/v3.00/avr/bin/../lib/gcc/avr/5.4.0/../../../../avr/lib/avrxmega4\libc.a(_Exit.o)
 .note.GNU-stack
                0x0000000000000000        0x0 c:/progra~1/microc~1/xc8/v3.00/avr/bin/../lib/gcc/avr/5.4.0/../../../../avr/lib/avrxmega4\libc.a(__int_vsprintf.o)
 .note.GNU-stack
                0x0000000000000000        0x0 c:/progra~1/microc~1/xc8/v3.00/avr/bin/../lib/gcc/avr/5.4.0/../../../../avr/lib/avrxmega4\libc.a(__int_vsnprintf.o)
 .note.GNU-stack
                0x0000000000000000        0x0 c:/progra~1/microc~1/xc8/v3.00/avr/bin/../lib/gcc/avr/5.4.0/../../../../avr/lib/avrxmega4\libc.a(__int_vfprintf.o)

.note.gnu.build-id
 *(.note.gnu.build-id)

.debug
 *(.debug)

.line
 *(.line)

.debug_srcinfo
 *(.debug_srcinfo)

.debug_sfnames
 *(.debug_sfnames)

.debug_aranges  0x0000000000000000       0x50
 *(.debug_aranges)
 .debug_aranges
                0x0000000000000000       0x50 CMakeFiles\USART_blink_default_default_XC8_compile.dir\C_\Users\amund\MPLABProjects\USART-blink\main.c.o

.debug_pubnames
 *(.debug_pubnames)

.debug_info     0x0000000000000000     0x44ff
 *(.debug_info .gnu.linkonce.wi.*)
 .debug_info    0x0000000000000000     0x3545 C:/Users/amund/.mchp_packs/Microchip/AVR-Dx_DFP/2.7.321/xc8/avr/lib/avrxmega4/crtavr128db48.o
 .debug_info    0x0000000000003545      0xfba CMakeFiles\USART_blink_default_default_XC8_compile.dir\C_\Users\amund\MPLABProjects\USART-blink\main.c.o

.debug_abbrev   0x0000000000000000     0x3505
 *(.debug_abbrev)
 .debug_abbrev  0x0000000000000000     0x3274 C:/Users/amund/.mchp_packs/Microchip/AVR-Dx_DFP/2.7.321/xc8/avr/lib/avrxmega4/crtavr128db48.o
 .debug_abbrev  0x0000000000003274      0x291 CMakeFiles\USART_blink_default_default_XC8_compile.dir\C_\Users\amund\MPLABProjects\USART-blink\main.c.o

.debug_line     0x0000000000000000      0x4a4
 *(.debug_line .debug_line.* .debug_line_end)
 .debug_line    0x0000000000000000      0x205 C:/Users/amund/.mchp_packs/Microchip/AVR-Dx_DFP/2.7.321/xc8/avr/lib/avrxmega4/crtavr128db48.o
 .debug_line    0x0000000000000205      0x29f CMakeFiles\USART_blink_default_default_XC8_compile.dir\C_\Users\amund\MPLABProjects\USART-blink\main.c.o

.debug_frame    0x0000000000000000       0xac
 *(.debug_frame)
 .debug_frame   0x0000000000000000       0xac CMakeFiles\USART_blink_default_default_XC8_compile.dir\C_\Users\amund\MPLABProjects\USART-blink\main.c.o

.debug_str      0x0000000000000000     0x172e
 *(.debug_str)
 .debug_str     0x0000000000000000     0x170f C:/Users/amund/.mchp_packs/Microchip/AVR-Dx_DFP/2.7.321/xc8/avr/lib/avrxmega4/crtavr128db48.o
 .debug_str     0x000000000000170f       0x1f CMakeFiles\USART_blink_default_default_XC8_compile.dir\C_\Users\amund\MPLABProjects\USART-blink\main.c.o

.debug_loc      0x0000000000000000      0x1ac
 *(.debug_loc)
 .debug_loc     0x0000000000000000      0x1ac CMakeFiles\USART_blink_default_default_XC8_compile.dir\C_\Users\amund\MPLABProjects\USART-blink\main.c.o

.debug_macinfo
 *(.debug_macinfo)

.debug_weaknames
 *(.debug_weaknames)

.debug_funcnames
 *(.debug_funcnames)

.debug_typenames
 *(.debug_typenames)

.debug_varnames
 *(.debug_varnames)

.debug_pubtypes
 *(.debug_pubtypes)

.debug_ranges   0x0000000000000000       0x40
 *(.debug_ranges)
 .debug_ranges  0x0000000000000000       0x40 CMakeFiles\USART_blink_default_default_XC8_compile.dir\C_\Users\amund\MPLABProjects\USART-blink\main.c.o

.debug_macro
 *(.debug_macro)
OUTPUT(USART_blink_default_default.elf elf32-avr)
LOAD linker stubs
LOAD data_init

.note.gnu.avr.deviceinfo
                0x0000000000000000       0x40
 .note.gnu.avr.deviceinfo
                0x0000000000000000       0x40 C:/Users/amund/.mchp_packs/Microchip/AVR-Dx_DFP/2.7.321/xc8/avr/lib/avrxmega4/crtavr128db48.o

.text.vfpfcnvrt
                0x0000000000000158      0x3fc
 .text.vfpfcnvrt
                0x0000000000000158      0x3fc c:/progra~1/microc~1/xc8/v3.00/avr/bin/../lib/gcc/avr/5.4.0/../../../../avr/lib/avrxmega4\libc.a(__printf_core.o)
                0x0000000000000158                vfpfcnvrt

.text.__fmt_x   0x0000000000000554      0x1dc
 .text.__fmt_x  0x0000000000000554      0x1dc c:/progra~1/microc~1/xc8/v3.00/avr/bin/../lib/gcc/avr/5.4.0/../../../../avr/lib/avrxmega4\libc.a(__fmt_x.o)
                0x0000000000000554                __fmt_x_needed
                0x0000000000000554                __fmt_x

.text.__fmt_d   0x0000000000000730       0xe4
 .text.__fmt_d  0x0000000000000730       0xe4 c:/progra~1/microc~1/xc8/v3.00/avr/bin/../lib/gcc/avr/5.4.0/../../../../avr/lib/avrxmega4\libc.a(__fmt_d.o)
                0x0000000000000730                __fmt_d
                0x0000000000000730                __fmt_d_needed

.text.__pop_int
                0x0000000000000814       0xd0
 .text.__pop_int
                0x0000000000000814       0xd0 c:/progra~1/microc~1/xc8/v3.00/avr/bin/../lib/gcc/avr/5.4.0/../../../../avr/lib/avrxmega4\libc.a(__pop_int.o)
                0x0000000000000814                __pop_int_needed
                0x0000000000000814                __pop_int

.text.__cvt_u   0x00000000000008e4       0xca
 .text.__cvt_u  0x00000000000008e4       0xca c:/progra~1/microc~1/xc8/v3.00/avr/bin/../lib/gcc/avr/5.4.0/../../../../avr/lib/avrxmega4\libc.a(__fmt_u.o)
                0x00000000000008e4                __cvt_u

.text.__fmt_o   0x00000000000009ae       0xb2
 .text.__fmt_o  0x00000000000009ae       0xb2 c:/progra~1/microc~1/xc8/v3.00/avr/bin/../lib/gcc/avr/5.4.0/../../../../avr/lib/avrxmega4\libc.a(__fmt_o.o)
                0x00000000000009ae                __fmt_o
                0x00000000000009ae                __fmt_o_needed

.text.fputc     0x0000000000000a60       0x98
 .text.fputc    0x0000000000000a60       0x98 c:/progra~1/microc~1/xc8/v3.00/avr/bin/../lib/gcc/avr/5.4.0/../../../../avr/lib/avrxmega4\libc.a(fputc.o)
                0x0000000000000a60                fputc
                0x0000000000000a60                putc

.text.__fmt_u   0x0000000000000af8       0x8e
 .text.__fmt_u  0x0000000000000af8       0x8e c:/progra~1/microc~1/xc8/v3.00/avr/bin/../lib/gcc/avr/5.4.0/../../../../avr/lib/avrxmega4\libc.a(__fmt_u.o)
                0x0000000000000af8                __fmt_u_needed
                0x0000000000000af8                __fmt_u

.text.usart_print_voltage
                0x0000000000000b86       0x8c
 .text.usart_print_voltage
                0x0000000000000b86       0x8c CMakeFiles\USART_blink_default_default_XC8_compile.dir\C_\Users\amund\MPLABProjects\USART-blink\main.c.o
                0x0000000000000b86                usart_print_voltage

.text.__printf_core
                0x0000000000000c12       0x78
 .text.__printf_core
                0x0000000000000c12       0x78 c:/progra~1/microc~1/xc8/v3.00/avr/bin/../lib/gcc/avr/5.4.0/../../../../avr/lib/avrxmega4\libc.a(__printf_core.o)
                0x0000000000000c12                __printf_core

.text.__vsnprintf
                0x0000000000000c8a       0x74
 .text.__vsnprintf
                0x0000000000000c8a       0x74 c:/progra~1/microc~1/xc8/v3.00/avr/bin/../lib/gcc/avr/5.4.0/../../../../avr/lib/avrxmega4\libc.a(__int_vsnprintf.o)
                0x0000000000000c8a                __vsnprintf

.text.__pad     0x0000000000000cfe       0x72
 .text.__pad    0x0000000000000cfe       0x72 c:/progra~1/microc~1/xc8/v3.00/avr/bin/../lib/gcc/avr/5.4.0/../../../../avr/lib/avrxmega4\libc.a(__printf_core.o)
                0x0000000000000cfe                __pad

.text.read_prec_or_width
                0x0000000000000d70       0x5c
 .text.read_prec_or_width
                0x0000000000000d70       0x5c c:/progra~1/microc~1/xc8/v3.00/avr/bin/../lib/gcc/avr/5.4.0/../../../../avr/lib/avrxmega4\libc.a(__printf_core.o)

.text.__fmt_s   0x0000000000000dcc       0x54
 .text.__fmt_s  0x0000000000000dcc       0x54 c:/progra~1/microc~1/xc8/v3.00/avr/bin/../lib/gcc/avr/5.4.0/../../../../avr/lib/avrxmega4\libc.a(__fmt_s.o)
                0x0000000000000dcc                __fmt_s
                0x0000000000000dcc                __fmt_0_needed
                0x0000000000000dcc                __fmt_s_needed

.text.libgcc.div
                0x0000000000000e20       0x44
 .text.libgcc.div
                0x0000000000000e20       0x44 c:/progra~1/microc~1/xc8/v3.00/avr/bin/../lib/gcc/avr/5.4.0/avrxmega4\libgcc.a(_udivmodsi4.o)
                0x0000000000000e20                __udivmodsi4

.text.__fmt_state
                0x0000000000000e64       0x40
 .text.__fmt_state
                0x0000000000000e64       0x40 c:/progra~1/microc~1/xc8/v3.00/avr/bin/../lib/gcc/avr/5.4.0/../../../../avr/lib/avrxmega4\libc.a(__printf_core.o)
                0x0000000000000e64                __fmt_state

.text.__out     0x0000000000000ea4       0x3a
 .text.__out    0x0000000000000ea4       0x3a c:/progra~1/microc~1/xc8/v3.00/avr/bin/../lib/gcc/avr/5.4.0/../../../../avr/lib/avrxmega4\libc.a(__printf_core.o)
                0x0000000000000ea4                __out

.text.libgcc.prologue
                0x0000000000000ede       0x32
 .text.libgcc.prologue
                0x0000000000000ede       0x32 c:/progra~1/microc~1/xc8/v3.00/avr/bin/../lib/gcc/avr/5.4.0/avrxmega4\libgcc.a(_prologue.o)
                0x0000000000000ede                __prologue_saves__

.text.__vfprintf
                0x0000000000000f10       0x30
 .text.__vfprintf
                0x0000000000000f10       0x30 c:/progra~1/microc~1/xc8/v3.00/avr/bin/../lib/gcc/avr/5.4.0/../../../../avr/lib/avrxmega4\libc.a(__int_vfprintf.o)
                0x0000000000000f10                __vfprintf

.text.libgcc.prologue
                0x0000000000000f40       0x30
 .text.libgcc.prologue
                0x0000000000000f40       0x30 c:/progra~1/microc~1/xc8/v3.00/avr/bin/../lib/gcc/avr/5.4.0/avrxmega4\libgcc.a(_epilogue.o)
                0x0000000000000f40                __epilogue_restores__

.text.main      0x0000000000000f70       0x2e
 .text.main     0x0000000000000f70       0x2e CMakeFiles\USART_blink_default_default_XC8_compile.dir\C_\Users\amund\MPLABProjects\USART-blink\main.c.o
                0x0000000000000f70                main

.text.__wrap_sprintf
                0x0000000000000f9e       0x24
 .text.__wrap_sprintf
                0x0000000000000f9e       0x24 c:/progra~1/microc~1/xc8/v3.00/avr/bin/../lib/gcc/avr/5.4.0/../../../../avr/lib/avrxmega4\libc.a(__sio_sprintf_doux.o)
                0x0000000000000f9e                _sprintf_cdopuxX

.text.usart_transmit_string
                0x0000000000000fc2       0x1e
 .text.usart_transmit_string
                0x0000000000000fc2       0x1e CMakeFiles\USART_blink_default_default_XC8_compile.dir\C_\Users\amund\MPLABProjects\USART-blink\main.c.o
                0x0000000000000fc2                usart_transmit_string

.text.libgcc.mul
                0x0000000000000fe0       0x1e
 .text.libgcc.mul
                0x0000000000000fe0       0x1e c:/progra~1/microc~1/xc8/v3.00/avr/bin/../lib/gcc/avr/5.4.0/avrxmega4\libgcc.a(_umulhisi3.o)
                0x0000000000000fe0                __umulhisi3

.text.strlen    0x0000000000000ffe       0x1c
 .text.strlen   0x0000000000000ffe       0x1c c:/progra~1/microc~1/xc8/v3.00/avr/bin/../lib/gcc/avr/5.4.0/../../../../avr/lib/avrxmega4\libc.a(strlen.o)
                0x0000000000000ffe                strlen

.text.adc_read  0x000000000000101a       0x1a
 .text.adc_read
                0x000000000000101a       0x1a CMakeFiles\USART_blink_default_default_XC8_compile.dir\C_\Users\amund\MPLABProjects\USART-blink\main.c.o
                0x000000000000101a                adc_read

.text.adc_init  0x0000000000001034       0x18
 .text.adc_init
                0x0000000000001034       0x18 CMakeFiles\USART_blink_default_default_XC8_compile.dir\C_\Users\amund\MPLABProjects\USART-blink\main.c.o
                0x0000000000001034                adc_init

.text.usart_init
                0x000000000000104c       0x16
 .text.usart_init
                0x000000000000104c       0x16 CMakeFiles\USART_blink_default_default_XC8_compile.dir\C_\Users\amund\MPLABProjects\USART-blink\main.c.o
                0x000000000000104c                usart_init

.text.exit      0x0000000000001062       0x16
 .text.exit     0x0000000000001062       0x16 c:/progra~1/microc~1/xc8/v3.00/avr/bin/../lib/gcc/avr/5.4.0/../../../../avr/lib/avrxmega4\libc.a(exit.o)
                0x0000000000001062                exit

.text.toupper   0x0000000000001078       0x12
 .text.toupper  0x0000000000001078       0x12 c:/progra~1/microc~1/xc8/v3.00/avr/bin/../lib/gcc/avr/5.4.0/../../../../avr/lib/avrxmega4\libc.a(toupper.o)
                0x0000000000001078                toupper

.text.usart_transmit
                0x000000000000108a       0x10
 .text.usart_transmit
                0x000000000000108a       0x10 CMakeFiles\USART_blink_default_default_XC8_compile.dir\C_\Users\amund\MPLABProjects\USART-blink\main.c.o
                0x000000000000108a                usart_transmit

.text.tolower   0x000000000000109a       0x10
 .text.tolower  0x000000000000109a       0x10 c:/progra~1/microc~1/xc8/v3.00/avr/bin/../lib/gcc/avr/5.4.0/../../../../avr/lib/avrxmega4\libc.a(tolower.o)
                0x000000000000109a                tolower

.text.__vsprintf
                0x00000000000010aa        0xe
 .text.__vsprintf
                0x00000000000010aa        0xe c:/progra~1/microc~1/xc8/v3.00/avr/bin/../lib/gcc/avr/5.4.0/../../../../avr/lib/avrxmega4\libc.a(__int_vsprintf.o)
                0x00000000000010aa                __vsprintf

.text           0x00000000000010b8        0x4
 .text          0x00000000000010b8        0x4 C:/Users/amund/.mchp_packs/Microchip/AVR-Dx_DFP/2.7.321/xc8/avr/lib/avrxmega4/crtavr128db48.o
                0x00000000000010b8                __vector_38
                0x00000000000010b8                __vector_22
                0x00000000000010b8                __vector_28
                0x00000000000010b8                __vector_1
                0x00000000000010b8                __vector_32
                0x00000000000010b8                __vector_34
                0x00000000000010b8                __vector_24
                0x00000000000010b8                __vector_12
                0x00000000000010b8                __vector_55
                0x00000000000010b8                __vector_46
                0x00000000000010b8                __bad_interrupt
                0x00000000000010b8                __vector_6
                0x00000000000010b8                __vector_31
                0x00000000000010b8                __vector_35
                0x00000000000010b8                __vector_39
                0x00000000000010b8                __vector_3
                0x00000000000010b8                __vector_23
                0x00000000000010b8                __vector_30
                0x00000000000010b8                __vector_45
                0x00000000000010b8                __vector_25
                0x00000000000010b8                __vector_11
                0x00000000000010b8                __vector_54
                0x00000000000010b8                __vector_13
                0x00000000000010b8                __vector_17
                0x00000000000010b8                __vector_19
                0x00000000000010b8                __vector_56
                0x00000000000010b8                __vector_7
                0x00000000000010b8                __vector_49
                0x00000000000010b8                __vector_41
                0x00000000000010b8                __vector_43
                0x00000000000010b8                __vector_27
                0x00000000000010b8                __vector_5
                0x00000000000010b8                __vector_33
                0x00000000000010b8                __vector_47
                0x00000000000010b8                __vector_52
                0x00000000000010b8                __vector_37
                0x00000000000010b8                __vector_4
                0x00000000000010b8                __vector_44
                0x00000000000010b8                __vector_51
                0x00000000000010b8                __vector_9
                0x00000000000010b8                __vector_2
                0x00000000000010b8                __vector_21
                0x00000000000010b8                __vector_15
                0x00000000000010b8                __vector_36
                0x00000000000010b8                __vector_58
                0x00000000000010b8                __vector_29
                0x00000000000010b8                __vector_60
                0x00000000000010b8                __vector_40
                0x00000000000010b8                __vector_8
                0x00000000000010b8                __vector_26
                0x00000000000010b8                __vector_48
                0x00000000000010b8                __vector_14
                0x00000000000010b8                __vector_57
                0x00000000000010b8                __vector_53
                0x00000000000010b8                __vector_10
                0x00000000000010b8                __vector_50
                0x00000000000010b8                __vector_16
                0x00000000000010b8                __vector_59
                0x00000000000010b8                __vector_18
                0x00000000000010b8                __vector_20
                0x00000000000010b8                __vector_42

.text._Exit     0x00000000000010bc        0x4
 .text._Exit    0x00000000000010bc        0x4 c:/progra~1/microc~1/xc8/v3.00/avr/bin/../lib/gcc/avr/5.4.0/../../../../avr/lib/avrxmega4\libc.a(_Exit.o)
                0x00000000000010bc                _Exit

.text.__dummy_fini
                0x00000000000010c0        0x2
 .text.__dummy_fini
                0x00000000000010c0        0x2 c:/progra~1/microc~1/xc8/v3.00/avr/bin/../lib/gcc/avr/5.4.0/../../../../avr/lib/avrxmega4\libc.a(exit.o)
                0x00000000000010c0                _fini

.text.__dummy_funcs_on_exit
                0x00000000000010c2        0x2
 .text.__dummy_funcs_on_exit
                0x00000000000010c2        0x2 c:/progra~1/microc~1/xc8/v3.00/avr/bin/../lib/gcc/avr/5.4.0/../../../../avr/lib/avrxmega4\libc.a(exit.o)
                0x00000000000010c2                __funcs_on_exit

.text.__dummy_simulator_exit
                0x00000000000010c4        0x2
 .text.__dummy_simulator_exit
                0x00000000000010c4        0x2 c:/progra~1/microc~1/xc8/v3.00/avr/bin/../lib/gcc/avr/5.4.0/../../../../avr/lib/avrxmega4\libc.a(exit.o)
                0x00000000000010c4                __simulator_exit

.rodata.state_table
                0x0000000000804002       0x16 load address 0x00000000000010c6
 .rodata.state_table
                0x0000000000804002       0x16 c:/progra~1/microc~1/xc8/v3.00/avr/bin/../lib/gcc/avr/5.4.0/../../../../avr/lib/avrxmega4\libc.a(__printf_core.o)

.rodata         0x0000000000804018       0x15 load address 0x00000000000010dc
 .rodata        0x0000000000804018       0x15 CMakeFiles\USART_blink_default_default_XC8_compile.dir\C_\Users\amund\MPLABProjects\USART-blink\main.c.o

.rodata.nuls.2781
                0x000000000080402d        0x7 load address 0x00000000000010f1
 .rodata.nuls.2781
                0x000000000080402d        0x7 c:/progra~1/microc~1/xc8/v3.00/avr/bin/../lib/gcc/avr/5.4.0/../../../../avr/lib/avrxmega4\libc.a(__fmt_s.o)

.rodata.nilstr.2962
                0x0000000000804034        0x6 load address 0x00000000000010f8
 .rodata.nilstr.2962
                0x0000000000804034        0x6 c:/progra~1/microc~1/xc8/v3.00/avr/bin/../lib/gcc/avr/5.4.0/../../../../avr/lib/avrxmega4\libc.a(__printf_core.o)
